[thecleverprogrammer.com/2021/01/14/python-projects-with-source-code/index.html]
[g.ezoic.net/detroitchicago/boise420f.js]
[thecleverprogrammer.com/detroitchicago/boise.js]
[thecleverprogrammer.com/detroitchicago/memphis.js]
[g.ezoic.net/detroitchicago/memphisf5cf.js]
[g.ezoic.net/detroitchicago/minneapolis453e.js]
[thecleverprogrammer.com/detroitchicago/minneapolis.js]
[g.ezoic.net/detroitchicago/rochester1dcc.js]
[thecleverprogrammer.com/detroitchicago/rochester.js]
[g.ezoic.net/detroitchicago/raleigh2693.js]
[thecleverprogrammer.com/detroitchicago/raleigh.js]
[g.ezoic.net/detroitchicago/tampa2693.js]
[thecleverprogrammer.com/detroitchicago/tampa.js]
[thecleverprogrammer.com/detroitchicago/tulsa.js]
[backblue.gif]
[fade.gif]
[index.html]
[g.ezoic.net/detroitchicago/tulsa1fee.js]
[thecleverprogrammer.com/wp-content/plugins/wdv-about-me-widget/includes/fonts/css/all.minad76.css]
[thecleverprogrammer.com/wp-content/plugins/wdv-about-me-widget/includes/fonts/css/v4-shims.minad76.css]
[thecleverprogrammer.com/wp-includes/css/dashicons.min37ad.css]
[thecleverprogrammer.com/wp-includes/js/jquery/jquery.minaf6c.js]
[pagead2.googlesyndication.com/pagead/js/f15c7.txt]
[pagead2.googlesyndication.com/pagead/js/f.txt]
[thecleverprogrammer.com/_static/index03bb.html]
[i0.wp.com/thecleverprogrammer.com/wp-content/uploads/2021/04/cropped-thecleverprogrammere43b.png]
[i0.wp.com/thecleverprogrammer.com/wp-content/uploads/2021/04/cropped-thecleverprogrammer98d8.png]
[i0.wp.com/thecleverprogrammer.com/wp-content/uploads/2021/04/cropped-thecleverprogrammerf9b5.png]
[i0.wp.com/thecleverprogrammer.com/wp-content/uploads/2021/01/Get-Real-Time-Weather-Conditions-with-Python9099.png]
[i0.wp.com/thecleverprogrammer.com/wp-content/uploads/2021/01/Data-Science-Tutorial-on-Satellite-Imagery-Analysis9099.png]
[i0.wp.com/thecleverprogrammer.com/wp-content/uploads/2022/08/Most-Important-Python-Modules-for-Beginners9099.png]
[i0.wp.com/thecleverprogrammer.com/wp-content/uploads/2022/08/Role-and-Responsibilities-of-a-Python-Developer9099.png]
[i0.wp.com/thecleverprogrammer.com/wp-content/uploads/2022/07/Python-Practice-Questions-for-Beginners9099.png]
[i0.wp.com/thecleverprogrammer.com/wp-content/uploads/2022/06/Examples-of-the-Applications-of-Python-9099.png]
[s0.wp.com/wp-content/js/bilmur.min29bb.js]
[thecleverprogrammer.com/2021/01/14/python-projects-with-source-code/https_]
[stats.wp.com/e-202234.js]
[thecleverprogrammer.com/wp-includes/js/jquery/jquery-migrate.min37ad.js]
[thecleverprogrammer.com/2021/01/14/python-projects-with-source-code/audins.24.delayed]
[go.ezoic.net/detroitchicago/audins0d9f.js]
[pixel.quantserve.com/pixel/p-31iz6hfFutd16cefb.gif]
[thecleverprogrammer.com/tardisrocinante/vitals.js]
[g.ezoic.net/tardisrocinante/vitals5038.js]
[thecleverprogrammer.com/beardeddragon/drake.js]
[thecleverprogrammer.com/2021/01/14/python-projects-with-source-code/index.html]
[thecleverprogrammer.com/detroitchicago/grapefruit.gif]
[thecleverprogrammer.com/porpoiseant/army.gif]
[thecleverprogrammer.com/detroitchicago/tulsa.html]
[thecleverprogrammer.com/wp-content/plugins/wdv-about-me-widget/includes/fonts/css/all.minad76.css]
[thecleverprogrammer.com/wp-content/plugins/wdv-about-me-widget/includes/fonts/css/v4-shims.minad76.css]
[thecleverprogrammer.com/wp-includes/css/dashicons.min37ad.css]
[thecleverprogrammer.com/wp-content/themes/blocksy/static/bundle/no-scripts.min.css]
[thecleverprogrammer.com/2021/01/14/python-projects-with-source-code/https_.html]
[thecleverprogrammer.com/2021/01/14/python-projects-with-source-code/audins.html]
[thecleverprogrammer.com/tardisrocinante/vitals.html]
[thecleverprogrammer.com/beardeddragon/drake.html]
[g.ezoic.net/beardeddragon/drake6190.js]
